2025-07-21 13:36:06,320 DEBUG    root            Loaded Command Group: ['gcloud', 'components']
2025-07-21 13:36:06,324 DEBUG    root            Loaded Command Group: ['gcloud', 'components', 'update']
2025-07-21 13:36:06,326 DEBUG    root            Running [gcloud.components.update] with arguments: [--compile-python: "True", --quiet: "True", COMPONENT-IDS:6: "['core', 'gcloud-deps', 'bq', 'gcloud', 'gcloud-crc32c', 'gsutil']"]
2025-07-21 13:36:06,327 INFO     ___FILE_ONLY___ Beginning update. This process may take several minutes.

2025-07-21 13:36:06,358 DEBUG    urllib3.connectionpool Starting new HTTPS connection (1): dl.google.com:443
2025-07-21 13:36:07,440 DEBUG    urllib3.connectionpool https://dl.google.com:443 "GET /dl/cloudsdk/channels/rapid/components-2.json HTTP/11" 200 239798
2025-07-21 13:36:07,452 INFO     ___FILE_ONLY___ 

2025-07-21 13:36:07,452 INFO     ___FILE_ONLY___ 
Your current Google Cloud CLI version is: 530.0.0

2025-07-21 13:36:07,452 INFO     ___FILE_ONLY___ Installing components from version: 530.0.0

2025-07-21 13:36:07,452 INFO     ___FILE_ONLY___ 

2025-07-21 13:36:07,452 DEBUG    root            Chosen display Format:table[box,title="These components will be removed."](details.display_name:label=Name:align=left,version.version_string:label=Version:align=right,data.size.size(zero="",min=1048576):label=Size:align=right)
2025-07-21 13:36:07,453 DEBUG    root            Chosen display Format:table[box,title="These components will be updated."](details.display_name:label=Name:align=left,version.version_string:label=Version:align=right,data.size.size(zero="",min=1048576):label=Size:align=right)
2025-07-21 13:36:07,453 DEBUG    root            Chosen display Format:table[box,title="These components will be installed."](details.display_name:label=Name:align=left,version.version_string:label=Version:align=right,data.size.size(zero="",min=1048576):label=Size:align=right)
2025-07-21 13:36:07,492 INFO     ___FILE_ONLY___ ┌─────────────────────────────────────────────────────────────────────────────┐
2025-07-21 13:36:07,492 INFO     ___FILE_ONLY___ 

2025-07-21 13:36:07,492 INFO     ___FILE_ONLY___ │                     These components will be installed.                     │
2025-07-21 13:36:07,492 INFO     ___FILE_ONLY___ 

2025-07-21 13:36:07,492 INFO     ___FILE_ONLY___ ├─────────────────────────────────────────────────────┬────────────┬──────────┤
2025-07-21 13:36:07,492 INFO     ___FILE_ONLY___ 

2025-07-21 13:36:07,493 INFO     ___FILE_ONLY___ │                         Name                        │  Version   │   Size   │
2025-07-21 13:36:07,493 INFO     ___FILE_ONLY___ 

2025-07-21 13:36:07,493 INFO     ___FILE_ONLY___ ├─────────────────────────────────────────────────────┼────────────┼──────────┤
2025-07-21 13:36:07,493 INFO     ___FILE_ONLY___ 

2025-07-21 13:36:07,493 INFO     ___FILE_ONLY___ │ 
2025-07-21 13:36:07,493 INFO     ___FILE_ONLY___ BigQuery Command Line Tool                         
2025-07-21 13:36:07,493 INFO     ___FILE_ONLY___  
2025-07-21 13:36:07,493 INFO     ___FILE_ONLY___ │ 
2025-07-21 13:36:07,493 INFO     ___FILE_ONLY___     2.1.19
2025-07-21 13:36:07,493 INFO     ___FILE_ONLY___  
2025-07-21 13:36:07,493 INFO     ___FILE_ONLY___ │ 
2025-07-21 13:36:07,493 INFO     ___FILE_ONLY___  1.8 MiB
2025-07-21 13:36:07,493 INFO     ___FILE_ONLY___  
2025-07-21 13:36:07,493 INFO     ___FILE_ONLY___ │
2025-07-21 13:36:07,493 INFO     ___FILE_ONLY___ 

2025-07-21 13:36:07,493 INFO     ___FILE_ONLY___ │ 
2025-07-21 13:36:07,493 INFO     ___FILE_ONLY___ BigQuery Command Line Tool (Platform Specific)     
2025-07-21 13:36:07,493 INFO     ___FILE_ONLY___  
2025-07-21 13:36:07,493 INFO     ___FILE_ONLY___ │ 
2025-07-21 13:36:07,493 INFO     ___FILE_ONLY___     2.1.17
2025-07-21 13:36:07,494 INFO     ___FILE_ONLY___  
2025-07-21 13:36:07,494 INFO     ___FILE_ONLY___ │ 
2025-07-21 13:36:07,494 INFO     ___FILE_ONLY___  < 1 MiB
2025-07-21 13:36:07,494 INFO     ___FILE_ONLY___  
2025-07-21 13:36:07,494 INFO     ___FILE_ONLY___ │
2025-07-21 13:36:07,494 INFO     ___FILE_ONLY___ 

2025-07-21 13:36:07,494 INFO     ___FILE_ONLY___ │ 
2025-07-21 13:36:07,494 INFO     ___FILE_ONLY___ Bundled Python 3.12 (Platform Specific)            
2025-07-21 13:36:07,494 INFO     ___FILE_ONLY___  
2025-07-21 13:36:07,494 INFO     ___FILE_ONLY___ │ 
2025-07-21 13:36:07,494 INFO     ___FILE_ONLY___     3.12.9
2025-07-21 13:36:07,494 INFO     ___FILE_ONLY___  
2025-07-21 13:36:07,494 INFO     ___FILE_ONLY___ │ 
2025-07-21 13:36:07,494 INFO     ___FILE_ONLY___ 89.3 MiB
2025-07-21 13:36:07,494 INFO     ___FILE_ONLY___  
2025-07-21 13:36:07,494 INFO     ___FILE_ONLY___ │
2025-07-21 13:36:07,494 INFO     ___FILE_ONLY___ 

2025-07-21 13:36:07,494 INFO     ___FILE_ONLY___ │ 
2025-07-21 13:36:07,494 INFO     ___FILE_ONLY___ Cloud Storage Command Line Tool                    
2025-07-21 13:36:07,494 INFO     ___FILE_ONLY___  
2025-07-21 13:36:07,494 INFO     ___FILE_ONLY___ │ 
2025-07-21 13:36:07,495 INFO     ___FILE_ONLY___       5.35
2025-07-21 13:36:07,495 INFO     ___FILE_ONLY___  
2025-07-21 13:36:07,495 INFO     ___FILE_ONLY___ │ 
2025-07-21 13:36:07,495 INFO     ___FILE_ONLY___ 12.4 MiB
2025-07-21 13:36:07,495 INFO     ___FILE_ONLY___  
2025-07-21 13:36:07,495 INFO     ___FILE_ONLY___ │
2025-07-21 13:36:07,495 INFO     ___FILE_ONLY___ 

2025-07-21 13:36:07,495 INFO     ___FILE_ONLY___ │ 
2025-07-21 13:36:07,495 INFO     ___FILE_ONLY___ Cloud Storage Command Line Tool (Platform Specific)
2025-07-21 13:36:07,495 INFO     ___FILE_ONLY___  
2025-07-21 13:36:07,495 INFO     ___FILE_ONLY___ │ 
2025-07-21 13:36:07,495 INFO     ___FILE_ONLY___       5.34
2025-07-21 13:36:07,495 INFO     ___FILE_ONLY___  
2025-07-21 13:36:07,495 INFO     ___FILE_ONLY___ │ 
2025-07-21 13:36:07,495 INFO     ___FILE_ONLY___  < 1 MiB
2025-07-21 13:36:07,495 INFO     ___FILE_ONLY___  
2025-07-21 13:36:07,495 INFO     ___FILE_ONLY___ │
2025-07-21 13:36:07,495 INFO     ___FILE_ONLY___ 

2025-07-21 13:36:07,495 INFO     ___FILE_ONLY___ │ 
2025-07-21 13:36:07,495 INFO     ___FILE_ONLY___ Google Cloud CLI Core Libraries (Platform Specific)
2025-07-21 13:36:07,495 INFO     ___FILE_ONLY___  
2025-07-21 13:36:07,496 INFO     ___FILE_ONLY___ │ 
2025-07-21 13:36:07,496 INFO     ___FILE_ONLY___ 2025.05.23
2025-07-21 13:36:07,496 INFO     ___FILE_ONLY___  
2025-07-21 13:36:07,496 INFO     ___FILE_ONLY___ │ 
2025-07-21 13:36:07,496 INFO     ___FILE_ONLY___  < 1 MiB
2025-07-21 13:36:07,496 INFO     ___FILE_ONLY___  
2025-07-21 13:36:07,496 INFO     ___FILE_ONLY___ │
2025-07-21 13:36:07,496 INFO     ___FILE_ONLY___ 

2025-07-21 13:36:07,496 INFO     ___FILE_ONLY___ │ 
2025-07-21 13:36:07,496 INFO     ___FILE_ONLY___ Google Cloud CRC32C Hash Tool (Platform Specific)  
2025-07-21 13:36:07,496 INFO     ___FILE_ONLY___  
2025-07-21 13:36:07,496 INFO     ___FILE_ONLY___ │ 
2025-07-21 13:36:07,496 INFO     ___FILE_ONLY___      1.0.0
2025-07-21 13:36:07,496 INFO     ___FILE_ONLY___  
2025-07-21 13:36:07,496 INFO     ___FILE_ONLY___ │ 
2025-07-21 13:36:07,496 INFO     ___FILE_ONLY___  1.5 MiB
2025-07-21 13:36:07,496 INFO     ___FILE_ONLY___  
2025-07-21 13:36:07,496 INFO     ___FILE_ONLY___ │
2025-07-21 13:36:07,496 INFO     ___FILE_ONLY___ 

2025-07-21 13:36:07,496 INFO     ___FILE_ONLY___ │ 
2025-07-21 13:36:07,496 INFO     ___FILE_ONLY___ gcloud cli dependencies (Platform Specific)        
2025-07-21 13:36:07,497 INFO     ___FILE_ONLY___  
2025-07-21 13:36:07,497 INFO     ___FILE_ONLY___ │ 
2025-07-21 13:36:07,497 INFO     ___FILE_ONLY___ 2021.04.16
2025-07-21 13:36:07,497 INFO     ___FILE_ONLY___  
2025-07-21 13:36:07,497 INFO     ___FILE_ONLY___ │ 
2025-07-21 13:36:07,497 INFO     ___FILE_ONLY___  < 1 MiB
2025-07-21 13:36:07,497 INFO     ___FILE_ONLY___  
2025-07-21 13:36:07,497 INFO     ___FILE_ONLY___ │
2025-07-21 13:36:07,497 INFO     ___FILE_ONLY___ 

2025-07-21 13:36:07,497 INFO     ___FILE_ONLY___ └─────────────────────────────────────────────────────┴────────────┴──────────┘
2025-07-21 13:36:07,497 INFO     ___FILE_ONLY___ 

2025-07-21 13:36:07,497 INFO     ___FILE_ONLY___ 

2025-07-21 13:36:07,501 DEBUG    urllib3.connectionpool Starting new HTTPS connection (1): dl.google.com:443
2025-07-21 13:36:08,604 DEBUG    urllib3.connectionpool https://dl.google.com:443 "GET /dl/cloudsdk/channels/rapid/RELEASE_NOTES HTTP/11" 200 1449519
2025-07-21 13:36:09,081 INFO     ___FILE_ONLY___ For the latest full release notes, please visit:
  https://cloud.google.com/sdk/release_notes


2025-07-21 13:36:09,081 INFO     ___FILE_ONLY___ Performing in place update...


2025-07-21 13:36:09,083 INFO     ___FILE_ONLY___ ╔════════════════════════════════════════════════════════════╗

2025-07-21 13:36:09,083 INFO     ___FILE_ONLY___ ╠═ Downloading: BigQuery Command Line Tool                  ═╣

2025-07-21 13:36:09,083 INFO     ___FILE_ONLY___ ╚
2025-07-21 13:36:09,087 DEBUG    urllib3.connectionpool Starting new HTTPS connection (1): dl.google.com:443
2025-07-21 13:36:10,121 DEBUG    urllib3.connectionpool https://dl.google.com:443 "GET /dl/cloudsdk/channels/rapid/components/google-cloud-sdk-bq-20250627154417.tar.gz HTTP/11" 200 1850167
2025-07-21 13:36:10,133 INFO     ___FILE_ONLY___ ═
2025-07-21 13:36:10,133 INFO     ___FILE_ONLY___ ═
2025-07-21 13:36:10,134 INFO     ___FILE_ONLY___ ═
2025-07-21 13:36:10,134 INFO     ___FILE_ONLY___ ═
2025-07-21 13:36:10,134 INFO     ___FILE_ONLY___ ═
2025-07-21 13:36:10,134 INFO     ___FILE_ONLY___ ═
2025-07-21 13:36:10,134 INFO     ___FILE_ONLY___ ═
2025-07-21 13:36:10,134 INFO     ___FILE_ONLY___ ═
2025-07-21 13:36:10,134 INFO     ___FILE_ONLY___ ═
2025-07-21 13:36:10,134 INFO     ___FILE_ONLY___ ═
2025-07-21 13:36:10,134 INFO     ___FILE_ONLY___ ═
2025-07-21 13:36:10,134 INFO     ___FILE_ONLY___ ═
2025-07-21 13:36:10,134 INFO     ___FILE_ONLY___ ═
2025-07-21 13:36:10,135 INFO     ___FILE_ONLY___ ═
2025-07-21 13:36:10,135 INFO     ___FILE_ONLY___ ═
2025-07-21 13:36:10,135 INFO     ___FILE_ONLY___ ═
2025-07-21 13:36:10,135 INFO     ___FILE_ONLY___ ═
2025-07-21 13:36:10,135 INFO     ___FILE_ONLY___ ═
2025-07-21 13:36:10,135 INFO     ___FILE_ONLY___ ═
2025-07-21 13:36:10,135 INFO     ___FILE_ONLY___ ═
2025-07-21 13:36:10,135 INFO     ___FILE_ONLY___ ═
2025-07-21 13:36:10,135 INFO     ___FILE_ONLY___ ═
2025-07-21 13:36:10,135 INFO     ___FILE_ONLY___ ═
2025-07-21 13:36:10,135 INFO     ___FILE_ONLY___ ═
2025-07-21 13:36:10,135 INFO     ___FILE_ONLY___ ═
2025-07-21 13:36:10,136 INFO     ___FILE_ONLY___ ═
2025-07-21 13:36:10,136 INFO     ___FILE_ONLY___ ═
2025-07-21 13:36:10,136 INFO     ___FILE_ONLY___ ═
2025-07-21 13:36:10,136 INFO     ___FILE_ONLY___ ═
2025-07-21 13:36:10,136 INFO     ___FILE_ONLY___ ═
2025-07-21 13:36:10,136 INFO     ___FILE_ONLY___ ═
2025-07-21 13:36:10,136 INFO     ___FILE_ONLY___ ═
2025-07-21 13:36:10,136 INFO     ___FILE_ONLY___ ═
2025-07-21 13:36:10,136 INFO     ___FILE_ONLY___ ═
2025-07-21 13:36:10,136 INFO     ___FILE_ONLY___ ═
2025-07-21 13:36:10,136 INFO     ___FILE_ONLY___ ═
2025-07-21 13:36:10,136 INFO     ___FILE_ONLY___ ═
2025-07-21 13:36:10,137 INFO     ___FILE_ONLY___ ═
2025-07-21 13:36:10,137 INFO     ___FILE_ONLY___ ═
2025-07-21 13:36:10,137 INFO     ___FILE_ONLY___ ═
2025-07-21 13:36:10,137 INFO     ___FILE_ONLY___ ═
2025-07-21 13:36:10,137 INFO     ___FILE_ONLY___ ═
2025-07-21 13:36:10,137 INFO     ___FILE_ONLY___ ═
2025-07-21 13:36:10,137 INFO     ___FILE_ONLY___ ═
2025-07-21 13:36:10,137 INFO     ___FILE_ONLY___ ═
2025-07-21 13:36:10,137 INFO     ___FILE_ONLY___ ═
2025-07-21 13:36:10,137 INFO     ___FILE_ONLY___ ═
2025-07-21 13:36:10,138 INFO     ___FILE_ONLY___ ═
2025-07-21 13:36:10,138 INFO     ___FILE_ONLY___ ═
2025-07-21 13:36:10,138 INFO     ___FILE_ONLY___ ═
2025-07-21 13:36:10,138 INFO     ___FILE_ONLY___ ═
2025-07-21 13:36:10,138 INFO     ___FILE_ONLY___ ═
2025-07-21 13:36:10,138 INFO     ___FILE_ONLY___ ═
2025-07-21 13:36:10,138 INFO     ___FILE_ONLY___ ═
2025-07-21 13:36:10,138 INFO     ___FILE_ONLY___ ═
2025-07-21 13:36:10,138 INFO     ___FILE_ONLY___ ═
2025-07-21 13:36:10,138 INFO     ___FILE_ONLY___ ═
2025-07-21 13:36:10,138 INFO     ___FILE_ONLY___ ═
2025-07-21 13:36:10,138 INFO     ___FILE_ONLY___ ═
2025-07-21 13:36:10,139 INFO     ___FILE_ONLY___ ═
2025-07-21 13:36:10,139 INFO     ___FILE_ONLY___ ╝

2025-07-21 13:36:10,141 INFO     ___FILE_ONLY___ ╔════════════════════════════════════════════════════════════╗

2025-07-21 13:36:10,141 INFO     ___FILE_ONLY___ ╠═ Downloading: BigQuery Command Line Tool (Platform Spe... ═╣

2025-07-21 13:36:10,141 INFO     ___FILE_ONLY___ ╚
2025-07-21 13:36:10,145 DEBUG    urllib3.connectionpool Starting new HTTPS connection (1): dl.google.com:443
2025-07-21 13:36:11,213 DEBUG    urllib3.connectionpool https://dl.google.com:443 "GET /dl/cloudsdk/channels/rapid/components/google-cloud-sdk-bq-nix-20250523104322.tar.gz HTTP/11" 200 1935
2025-07-21 13:36:11,214 INFO     ___FILE_ONLY___ ════════════════════════════════════════════════════════════
2025-07-21 13:36:11,214 INFO     ___FILE_ONLY___ ╝

2025-07-21 13:36:11,216 INFO     ___FILE_ONLY___ ╔════════════════════════════════════════════════════════════╗

2025-07-21 13:36:11,216 INFO     ___FILE_ONLY___ ╠═ Downloading: Bundled Python 3.12                         ═╣

2025-07-21 13:36:11,216 INFO     ___FILE_ONLY___ ╚
2025-07-21 13:36:11,216 INFO     ___FILE_ONLY___ ════════════════════════════════════════════════════════════
2025-07-21 13:36:11,216 INFO     ___FILE_ONLY___ ╝

2025-07-21 13:36:11,218 INFO     ___FILE_ONLY___ ╔════════════════════════════════════════════════════════════╗

2025-07-21 13:36:11,218 INFO     ___FILE_ONLY___ ╠═ Downloading: Bundled Python 3.12 (Platform Specific)     ═╣

2025-07-21 13:36:11,218 INFO     ___FILE_ONLY___ ╚
2025-07-21 13:36:11,221 DEBUG    urllib3.connectionpool Starting new HTTPS connection (1): dl.google.com:443
2025-07-21 13:36:12,266 DEBUG    urllib3.connectionpool https://dl.google.com:443 "GET /dl/cloudsdk/channels/rapid/components/google-cloud-sdk-bundled-python3-unix-linux-x86_64-20250502143716.tar.gz HTTP/11" 200 93610468
2025-07-21 13:36:12,589 INFO     ___FILE_ONLY___ ═
2025-07-21 13:36:12,591 INFO     ___FILE_ONLY___ ═
2025-07-21 13:36:12,593 INFO     ___FILE_ONLY___ ═
2025-07-21 13:36:12,594 INFO     ___FILE_ONLY___ ═
2025-07-21 13:36:12,596 INFO     ___FILE_ONLY___ ═
2025-07-21 13:36:12,598 INFO     ___FILE_ONLY___ ═
2025-07-21 13:36:12,599 INFO     ___FILE_ONLY___ ═
2025-07-21 13:36:12,601 INFO     ___FILE_ONLY___ ═
2025-07-21 13:36:12,603 INFO     ___FILE_ONLY___ ═
2025-07-21 13:36:12,604 INFO     ___FILE_ONLY___ ═
2025-07-21 13:36:12,606 INFO     ___FILE_ONLY___ ═
2025-07-21 13:36:12,608 INFO     ___FILE_ONLY___ ═
2025-07-21 13:36:12,609 INFO     ___FILE_ONLY___ ═
2025-07-21 13:36:12,611 INFO     ___FILE_ONLY___ ═
2025-07-21 13:36:12,612 INFO     ___FILE_ONLY___ ═
2025-07-21 13:36:12,614 INFO     ___FILE_ONLY___ ═
2025-07-21 13:36:12,616 INFO     ___FILE_ONLY___ ═
2025-07-21 13:36:12,617 INFO     ___FILE_ONLY___ ═
2025-07-21 13:36:12,619 INFO     ___FILE_ONLY___ ═
2025-07-21 13:36:12,620 INFO     ___FILE_ONLY___ ═
2025-07-21 13:36:12,622 INFO     ___FILE_ONLY___ ═
2025-07-21 13:36:12,624 INFO     ___FILE_ONLY___ ═
2025-07-21 13:36:12,625 INFO     ___FILE_ONLY___ ═
2025-07-21 13:36:12,627 INFO     ___FILE_ONLY___ ═
2025-07-21 13:36:12,628 INFO     ___FILE_ONLY___ ═
2025-07-21 13:36:12,630 INFO     ___FILE_ONLY___ ═
2025-07-21 13:36:12,632 INFO     ___FILE_ONLY___ ═
2025-07-21 13:36:12,633 INFO     ___FILE_ONLY___ ═
2025-07-21 13:36:12,635 INFO     ___FILE_ONLY___ ═
2025-07-21 13:36:12,637 INFO     ___FILE_ONLY___ ═
2025-07-21 13:36:12,638 INFO     ___FILE_ONLY___ ═
2025-07-21 13:36:12,640 INFO     ___FILE_ONLY___ ═
2025-07-21 13:36:12,642 INFO     ___FILE_ONLY___ ═
2025-07-21 13:36:12,643 INFO     ___FILE_ONLY___ ═
2025-07-21 13:36:12,645 INFO     ___FILE_ONLY___ ═
2025-07-21 13:36:12,646 INFO     ___FILE_ONLY___ ═
2025-07-21 13:36:12,648 INFO     ___FILE_ONLY___ ═
2025-07-21 13:36:12,650 INFO     ___FILE_ONLY___ ═
2025-07-21 13:36:12,651 INFO     ___FILE_ONLY___ ═
2025-07-21 13:36:12,653 INFO     ___FILE_ONLY___ ═
2025-07-21 13:36:12,655 INFO     ___FILE_ONLY___ ═
2025-07-21 13:36:12,656 INFO     ___FILE_ONLY___ ═
2025-07-21 13:36:12,658 INFO     ___FILE_ONLY___ ═
2025-07-21 13:36:12,659 INFO     ___FILE_ONLY___ ═
2025-07-21 13:36:12,661 INFO     ___FILE_ONLY___ ═
2025-07-21 13:36:12,663 INFO     ___FILE_ONLY___ ═
2025-07-21 13:36:12,664 INFO     ___FILE_ONLY___ ═
2025-07-21 13:36:12,666 INFO     ___FILE_ONLY___ ═
2025-07-21 13:36:12,668 INFO     ___FILE_ONLY___ ═
2025-07-21 13:36:12,669 INFO     ___FILE_ONLY___ ═
2025-07-21 13:36:12,671 INFO     ___FILE_ONLY___ ═
2025-07-21 13:36:12,672 INFO     ___FILE_ONLY___ ═
2025-07-21 13:36:12,674 INFO     ___FILE_ONLY___ ═
2025-07-21 13:36:12,676 INFO     ___FILE_ONLY___ ═
2025-07-21 13:36:12,677 INFO     ___FILE_ONLY___ ═
2025-07-21 13:36:12,679 INFO     ___FILE_ONLY___ ═
2025-07-21 13:36:12,680 INFO     ___FILE_ONLY___ ═
2025-07-21 13:36:12,682 INFO     ___FILE_ONLY___ ═
2025-07-21 13:36:12,684 INFO     ___FILE_ONLY___ ═
2025-07-21 13:36:12,685 INFO     ___FILE_ONLY___ ═
2025-07-21 13:36:12,685 INFO     ___FILE_ONLY___ ╝

2025-07-21 13:36:12,688 INFO     ___FILE_ONLY___ ╔════════════════════════════════════════════════════════════╗

2025-07-21 13:36:12,688 INFO     ___FILE_ONLY___ ╠═ Downloading: Cloud Storage Command Line Tool             ═╣

2025-07-21 13:36:12,688 INFO     ___FILE_ONLY___ ╚
2025-07-21 13:36:12,691 DEBUG    urllib3.connectionpool Starting new HTTPS connection (1): dl.google.com:443
2025-07-21 13:36:13,774 DEBUG    urllib3.connectionpool https://dl.google.com:443 "GET /dl/cloudsdk/channels/rapid/components/google-cloud-sdk-gsutil-20250627154417.tar.gz HTTP/11" 200 12962791
2025-07-21 13:36:13,821 INFO     ___FILE_ONLY___ ═
2025-07-21 13:36:13,821 INFO     ___FILE_ONLY___ ═
2025-07-21 13:36:13,822 INFO     ___FILE_ONLY___ ═
2025-07-21 13:36:13,822 INFO     ___FILE_ONLY___ ═
2025-07-21 13:36:13,822 INFO     ___FILE_ONLY___ ═
2025-07-21 13:36:13,823 INFO     ___FILE_ONLY___ ═
2025-07-21 13:36:13,823 INFO     ___FILE_ONLY___ ═
2025-07-21 13:36:13,823 INFO     ___FILE_ONLY___ ═
2025-07-21 13:36:13,823 INFO     ___FILE_ONLY___ ═
2025-07-21 13:36:13,824 INFO     ___FILE_ONLY___ ═
2025-07-21 13:36:13,824 INFO     ___FILE_ONLY___ ═
2025-07-21 13:36:13,824 INFO     ___FILE_ONLY___ ═
2025-07-21 13:36:13,824 INFO     ___FILE_ONLY___ ═
2025-07-21 13:36:13,825 INFO     ___FILE_ONLY___ ═
2025-07-21 13:36:13,825 INFO     ___FILE_ONLY___ ═
2025-07-21 13:36:13,825 INFO     ___FILE_ONLY___ ═
2025-07-21 13:36:13,826 INFO     ___FILE_ONLY___ ═
2025-07-21 13:36:13,826 INFO     ___FILE_ONLY___ ═
2025-07-21 13:36:13,826 INFO     ___FILE_ONLY___ ═
2025-07-21 13:36:13,826 INFO     ___FILE_ONLY___ ═
2025-07-21 13:36:13,827 INFO     ___FILE_ONLY___ ═
2025-07-21 13:36:13,827 INFO     ___FILE_ONLY___ ═
2025-07-21 13:36:13,827 INFO     ___FILE_ONLY___ ═
2025-07-21 13:36:13,827 INFO     ___FILE_ONLY___ ═
2025-07-21 13:36:13,828 INFO     ___FILE_ONLY___ ═
2025-07-21 13:36:13,828 INFO     ___FILE_ONLY___ ═
2025-07-21 13:36:13,828 INFO     ___FILE_ONLY___ ═
2025-07-21 13:36:13,829 INFO     ___FILE_ONLY___ ═
2025-07-21 13:36:13,829 INFO     ___FILE_ONLY___ ═
2025-07-21 13:36:13,829 INFO     ___FILE_ONLY___ ═
2025-07-21 13:36:13,829 INFO     ___FILE_ONLY___ ═
2025-07-21 13:36:13,830 INFO     ___FILE_ONLY___ ═
2025-07-21 13:36:13,830 INFO     ___FILE_ONLY___ ═
2025-07-21 13:36:13,830 INFO     ___FILE_ONLY___ ═
2025-07-21 13:36:13,831 INFO     ___FILE_ONLY___ ═
2025-07-21 13:36:13,831 INFO     ___FILE_ONLY___ ═
2025-07-21 13:36:13,831 INFO     ___FILE_ONLY___ ═
2025-07-21 13:36:13,831 INFO     ___FILE_ONLY___ ═
2025-07-21 13:36:13,832 INFO     ___FILE_ONLY___ ═
2025-07-21 13:36:13,832 INFO     ___FILE_ONLY___ ═
2025-07-21 13:36:13,832 INFO     ___FILE_ONLY___ ═
2025-07-21 13:36:13,832 INFO     ___FILE_ONLY___ ═
2025-07-21 13:36:13,833 INFO     ___FILE_ONLY___ ═
2025-07-21 13:36:13,833 INFO     ___FILE_ONLY___ ═
2025-07-21 13:36:13,833 INFO     ___FILE_ONLY___ ═
2025-07-21 13:36:13,834 INFO     ___FILE_ONLY___ ═
2025-07-21 13:36:13,834 INFO     ___FILE_ONLY___ ═
2025-07-21 13:36:13,834 INFO     ___FILE_ONLY___ ═
2025-07-21 13:36:13,834 INFO     ___FILE_ONLY___ ═
2025-07-21 13:36:13,835 INFO     ___FILE_ONLY___ ═
2025-07-21 13:36:13,835 INFO     ___FILE_ONLY___ ═
2025-07-21 13:36:13,835 INFO     ___FILE_ONLY___ ═
2025-07-21 13:36:13,836 INFO     ___FILE_ONLY___ ═
2025-07-21 13:36:13,836 INFO     ___FILE_ONLY___ ═
2025-07-21 13:36:13,836 INFO     ___FILE_ONLY___ ═
2025-07-21 13:36:13,836 INFO     ___FILE_ONLY___ ═
2025-07-21 13:36:13,837 INFO     ___FILE_ONLY___ ═
2025-07-21 13:36:13,837 INFO     ___FILE_ONLY___ ═
2025-07-21 13:36:13,837 INFO     ___FILE_ONLY___ ═
2025-07-21 13:36:13,838 INFO     ___FILE_ONLY___ ═
2025-07-21 13:36:13,838 INFO     ___FILE_ONLY___ ╝

2025-07-21 13:36:13,840 INFO     ___FILE_ONLY___ ╔════════════════════════════════════════════════════════════╗

2025-07-21 13:36:13,840 INFO     ___FILE_ONLY___ ╠═ Downloading: Cloud Storage Command Line Tool (Platfor... ═╣

2025-07-21 13:36:13,840 INFO     ___FILE_ONLY___ ╚
2025-07-21 13:36:13,843 DEBUG    urllib3.connectionpool Starting new HTTPS connection (1): dl.google.com:443
2025-07-21 13:36:14,922 DEBUG    urllib3.connectionpool https://dl.google.com:443 "GET /dl/cloudsdk/channels/rapid/components/google-cloud-sdk-gsutil-nix-20250523104322.tar.gz HTTP/11" 200 1950
2025-07-21 13:36:14,922 INFO     ___FILE_ONLY___ ════════════════════════════════════════════════════════════
2025-07-21 13:36:14,923 INFO     ___FILE_ONLY___ ╝

2025-07-21 13:36:14,925 INFO     ___FILE_ONLY___ ╔════════════════════════════════════════════════════════════╗

2025-07-21 13:36:14,925 INFO     ___FILE_ONLY___ ╠═ Downloading: Default set of gcloud commands              ═╣

2025-07-21 13:36:14,925 INFO     ___FILE_ONLY___ ╚
2025-07-21 13:36:14,925 INFO     ___FILE_ONLY___ ════════════════════════════════════════════════════════════
2025-07-21 13:36:14,925 INFO     ___FILE_ONLY___ ╝

2025-07-21 13:36:14,927 INFO     ___FILE_ONLY___ ╔════════════════════════════════════════════════════════════╗

2025-07-21 13:36:14,927 INFO     ___FILE_ONLY___ ╠═ Downloading: Google Cloud CLI Core Libraries (Platfor... ═╣

2025-07-21 13:36:14,927 INFO     ___FILE_ONLY___ ╚
2025-07-21 13:36:14,930 DEBUG    urllib3.connectionpool Starting new HTTPS connection (1): dl.google.com:443
2025-07-21 13:36:16,025 DEBUG    urllib3.connectionpool https://dl.google.com:443 "GET /dl/cloudsdk/channels/rapid/components/google-cloud-sdk-core-nix-20250523104322.tar.gz HTTP/11" 200 2325
2025-07-21 13:36:16,026 INFO     ___FILE_ONLY___ ════════════════════════════════════════════════════════════
2025-07-21 13:36:16,026 INFO     ___FILE_ONLY___ ╝

2025-07-21 13:36:16,028 INFO     ___FILE_ONLY___ ╔════════════════════════════════════════════════════════════╗

2025-07-21 13:36:16,028 INFO     ___FILE_ONLY___ ╠═ Downloading: Google Cloud CRC32C Hash Tool               ═╣

2025-07-21 13:36:16,028 INFO     ___FILE_ONLY___ ╚
2025-07-21 13:36:16,028 INFO     ___FILE_ONLY___ ════════════════════════════════════════════════════════════
2025-07-21 13:36:16,028 INFO     ___FILE_ONLY___ ╝

2025-07-21 13:36:16,030 INFO     ___FILE_ONLY___ ╔════════════════════════════════════════════════════════════╗

2025-07-21 13:36:16,030 INFO     ___FILE_ONLY___ ╠═ Downloading: Google Cloud CRC32C Hash Tool (Platform ... ═╣

2025-07-21 13:36:16,030 INFO     ___FILE_ONLY___ ╚
2025-07-21 13:36:16,033 DEBUG    urllib3.connectionpool Starting new HTTPS connection (1): dl.google.com:443
2025-07-21 13:36:17,098 DEBUG    urllib3.connectionpool https://dl.google.com:443 "GET /dl/cloudsdk/channels/rapid/components/google-cloud-sdk-gcloud-crc32c-linux-x86_64-20250613150750.tar.gz HTTP/11" 200 1525557
2025-07-21 13:36:17,108 INFO     ___FILE_ONLY___ ═
2025-07-21 13:36:17,108 INFO     ___FILE_ONLY___ ═
2025-07-21 13:36:17,108 INFO     ___FILE_ONLY___ ═
2025-07-21 13:36:17,108 INFO     ___FILE_ONLY___ ═
2025-07-21 13:36:17,108 INFO     ___FILE_ONLY___ ═
2025-07-21 13:36:17,108 INFO     ___FILE_ONLY___ ═
2025-07-21 13:36:17,109 INFO     ___FILE_ONLY___ ═
2025-07-21 13:36:17,109 INFO     ___FILE_ONLY___ ═
2025-07-21 13:36:17,109 INFO     ___FILE_ONLY___ ═
2025-07-21 13:36:17,109 INFO     ___FILE_ONLY___ ═
2025-07-21 13:36:17,109 INFO     ___FILE_ONLY___ ═
2025-07-21 13:36:17,109 INFO     ___FILE_ONLY___ ═
2025-07-21 13:36:17,109 INFO     ___FILE_ONLY___ ═
2025-07-21 13:36:17,109 INFO     ___FILE_ONLY___ ═
2025-07-21 13:36:17,109 INFO     ___FILE_ONLY___ ═
2025-07-21 13:36:17,110 INFO     ___FILE_ONLY___ ═
2025-07-21 13:36:17,110 INFO     ___FILE_ONLY___ ═
2025-07-21 13:36:17,110 INFO     ___FILE_ONLY___ ═
2025-07-21 13:36:17,110 INFO     ___FILE_ONLY___ ═
2025-07-21 13:36:17,110 INFO     ___FILE_ONLY___ ═
2025-07-21 13:36:17,110 INFO     ___FILE_ONLY___ ═
2025-07-21 13:36:17,110 INFO     ___FILE_ONLY___ ═
2025-07-21 13:36:17,110 INFO     ___FILE_ONLY___ ═
2025-07-21 13:36:17,110 INFO     ___FILE_ONLY___ ═
2025-07-21 13:36:17,110 INFO     ___FILE_ONLY___ ═
2025-07-21 13:36:17,111 INFO     ___FILE_ONLY___ ═
2025-07-21 13:36:17,111 INFO     ___FILE_ONLY___ ═
2025-07-21 13:36:17,111 INFO     ___FILE_ONLY___ ═
2025-07-21 13:36:17,111 INFO     ___FILE_ONLY___ ═
2025-07-21 13:36:17,111 INFO     ___FILE_ONLY___ ═
2025-07-21 13:36:17,111 INFO     ___FILE_ONLY___ ═
2025-07-21 13:36:17,111 INFO     ___FILE_ONLY___ ═
2025-07-21 13:36:17,111 INFO     ___FILE_ONLY___ ═
2025-07-21 13:36:17,112 INFO     ___FILE_ONLY___ ═
2025-07-21 13:36:17,112 INFO     ___FILE_ONLY___ ═
2025-07-21 13:36:17,112 INFO     ___FILE_ONLY___ ═
2025-07-21 13:36:17,112 INFO     ___FILE_ONLY___ ═
2025-07-21 13:36:17,112 INFO     ___FILE_ONLY___ ═
2025-07-21 13:36:17,112 INFO     ___FILE_ONLY___ ═
2025-07-21 13:36:17,112 INFO     ___FILE_ONLY___ ═
2025-07-21 13:36:17,112 INFO     ___FILE_ONLY___ ═
2025-07-21 13:36:17,112 INFO     ___FILE_ONLY___ ═
2025-07-21 13:36:17,113 INFO     ___FILE_ONLY___ ═
2025-07-21 13:36:17,113 INFO     ___FILE_ONLY___ ═
2025-07-21 13:36:17,113 INFO     ___FILE_ONLY___ ═
2025-07-21 13:36:17,113 INFO     ___FILE_ONLY___ ═
2025-07-21 13:36:17,113 INFO     ___FILE_ONLY___ ═
2025-07-21 13:36:17,113 INFO     ___FILE_ONLY___ ═
2025-07-21 13:36:17,113 INFO     ___FILE_ONLY___ ═
2025-07-21 13:36:17,113 INFO     ___FILE_ONLY___ ═
2025-07-21 13:36:17,114 INFO     ___FILE_ONLY___ ═
2025-07-21 13:36:17,114 INFO     ___FILE_ONLY___ ═
2025-07-21 13:36:17,114 INFO     ___FILE_ONLY___ ═
2025-07-21 13:36:17,114 INFO     ___FILE_ONLY___ ═
2025-07-21 13:36:17,114 INFO     ___FILE_ONLY___ ═
2025-07-21 13:36:17,114 INFO     ___FILE_ONLY___ ═
2025-07-21 13:36:17,114 INFO     ___FILE_ONLY___ ═
2025-07-21 13:36:17,114 INFO     ___FILE_ONLY___ ═
2025-07-21 13:36:17,114 INFO     ___FILE_ONLY___ ═
2025-07-21 13:36:17,115 INFO     ___FILE_ONLY___ ═
2025-07-21 13:36:17,115 INFO     ___FILE_ONLY___ ╝

2025-07-21 13:36:17,117 INFO     ___FILE_ONLY___ ╔════════════════════════════════════════════════════════════╗

2025-07-21 13:36:17,117 INFO     ___FILE_ONLY___ ╠═ Downloading: gcloud cli dependencies (Platform Specific) ═╣

2025-07-21 13:36:17,117 INFO     ___FILE_ONLY___ ╚
2025-07-21 13:36:17,120 DEBUG    urllib3.connectionpool Starting new HTTPS connection (1): dl.google.com:443
2025-07-21 13:36:18,205 DEBUG    urllib3.connectionpool https://dl.google.com:443 "GET /dl/cloudsdk/channels/rapid/components/google-cloud-sdk-gcloud-deps-linux-x86_64-20210416153011.tar.gz HTTP/11" 200 104
2025-07-21 13:36:18,205 INFO     ___FILE_ONLY___ ════════════════════════════════════════════════════════════
2025-07-21 13:36:18,205 INFO     ___FILE_ONLY___ ╝

2025-07-21 13:36:18,207 INFO     ___FILE_ONLY___ ╔════════════════════════════════════════════════════════════╗

2025-07-21 13:36:18,207 INFO     ___FILE_ONLY___ ╠═ Installing: BigQuery Command Line Tool                   ═╣

2025-07-21 13:36:18,207 INFO     ___FILE_ONLY___ ╚
2025-07-21 13:36:18,300 INFO     ___FILE_ONLY___ ═
2025-07-21 13:36:18,302 INFO     ___FILE_ONLY___ ═
2025-07-21 13:36:18,304 INFO     ___FILE_ONLY___ ═
2025-07-21 13:36:18,306 INFO     ___FILE_ONLY___ ═
2025-07-21 13:36:18,309 INFO     ___FILE_ONLY___ ═
2025-07-21 13:36:18,311 INFO     ___FILE_ONLY___ ═
2025-07-21 13:36:18,313 INFO     ___FILE_ONLY___ ═
2025-07-21 13:36:18,315 INFO     ___FILE_ONLY___ ═
2025-07-21 13:36:18,317 INFO     ___FILE_ONLY___ ═
2025-07-21 13:36:18,319 INFO     ___FILE_ONLY___ ═
2025-07-21 13:36:18,321 INFO     ___FILE_ONLY___ ═
2025-07-21 13:36:18,323 INFO     ___FILE_ONLY___ ═
2025-07-21 13:36:18,325 INFO     ___FILE_ONLY___ ═
2025-07-21 13:36:18,327 INFO     ___FILE_ONLY___ ═
2025-07-21 13:36:18,329 INFO     ___FILE_ONLY___ ═
2025-07-21 13:36:18,331 INFO     ___FILE_ONLY___ ═
2025-07-21 13:36:18,333 INFO     ___FILE_ONLY___ ═
2025-07-21 13:36:18,335 INFO     ___FILE_ONLY___ ═
2025-07-21 13:36:18,337 INFO     ___FILE_ONLY___ ═
2025-07-21 13:36:18,340 INFO     ___FILE_ONLY___ ═
2025-07-21 13:36:18,343 INFO     ___FILE_ONLY___ ═
2025-07-21 13:36:18,345 INFO     ___FILE_ONLY___ ═
2025-07-21 13:36:18,347 INFO     ___FILE_ONLY___ ═
2025-07-21 13:36:18,349 INFO     ___FILE_ONLY___ ═
2025-07-21 13:36:18,351 INFO     ___FILE_ONLY___ ═
2025-07-21 13:36:18,352 INFO     ___FILE_ONLY___ ═
2025-07-21 13:36:18,355 INFO     ___FILE_ONLY___ ═
2025-07-21 13:36:18,356 INFO     ___FILE_ONLY___ ═
2025-07-21 13:36:18,359 INFO     ___FILE_ONLY___ ═
2025-07-21 13:36:18,362 INFO     ___FILE_ONLY___ ═
2025-07-21 13:36:18,364 INFO     ___FILE_ONLY___ ═
2025-07-21 13:36:18,366 INFO     ___FILE_ONLY___ ═
2025-07-21 13:36:18,368 INFO     ___FILE_ONLY___ ═
2025-07-21 13:36:18,371 INFO     ___FILE_ONLY___ ═
2025-07-21 13:36:18,373 INFO     ___FILE_ONLY___ ═
2025-07-21 13:36:18,380 INFO     ___FILE_ONLY___ ═
2025-07-21 13:36:18,386 INFO     ___FILE_ONLY___ ═
2025-07-21 13:36:18,390 INFO     ___FILE_ONLY___ ═
2025-07-21 13:36:18,392 INFO     ___FILE_ONLY___ ═
2025-07-21 13:36:18,394 INFO     ___FILE_ONLY___ ═
2025-07-21 13:36:18,397 INFO     ___FILE_ONLY___ ═
2025-07-21 13:36:18,398 INFO     ___FILE_ONLY___ ═
2025-07-21 13:36:18,402 INFO     ___FILE_ONLY___ ═
2025-07-21 13:36:18,405 INFO     ___FILE_ONLY___ ═
2025-07-21 13:36:18,407 INFO     ___FILE_ONLY___ ═
2025-07-21 13:36:18,409 INFO     ___FILE_ONLY___ ═
2025-07-21 13:36:18,411 INFO     ___FILE_ONLY___ ═
2025-07-21 13:36:18,413 INFO     ___FILE_ONLY___ ═
2025-07-21 13:36:18,415 INFO     ___FILE_ONLY___ ═
2025-07-21 13:36:18,417 INFO     ___FILE_ONLY___ ═
2025-07-21 13:36:18,419 INFO     ___FILE_ONLY___ ═
2025-07-21 13:36:18,421 INFO     ___FILE_ONLY___ ═
2025-07-21 13:36:18,423 INFO     ___FILE_ONLY___ ═
2025-07-21 13:36:18,426 INFO     ___FILE_ONLY___ ═
2025-07-21 13:36:18,427 INFO     ___FILE_ONLY___ ═
2025-07-21 13:36:18,429 INFO     ___FILE_ONLY___ ═
2025-07-21 13:36:18,431 INFO     ___FILE_ONLY___ ═
2025-07-21 13:36:18,433 INFO     ___FILE_ONLY___ ═
2025-07-21 13:36:18,435 INFO     ___FILE_ONLY___ ═
2025-07-21 13:36:18,437 INFO     ___FILE_ONLY___ ═
2025-07-21 13:36:18,437 INFO     ___FILE_ONLY___ ╝

2025-07-21 13:36:18,445 INFO     ___FILE_ONLY___ ╔════════════════════════════════════════════════════════════╗

2025-07-21 13:36:18,445 INFO     ___FILE_ONLY___ ╠═ Installing: BigQuery Command Line Tool (Platform Spec... ═╣

2025-07-21 13:36:18,445 INFO     ___FILE_ONLY___ ╚
2025-07-21 13:36:18,446 INFO     ___FILE_ONLY___ ════════════════════════════════════════════════════════════
2025-07-21 13:36:18,446 INFO     ___FILE_ONLY___ ╝

2025-07-21 13:36:18,451 INFO     ___FILE_ONLY___ ╔════════════════════════════════════════════════════════════╗

2025-07-21 13:36:18,451 INFO     ___FILE_ONLY___ ╠═ Installing: Bundled Python 3.12                          ═╣

2025-07-21 13:36:18,451 INFO     ___FILE_ONLY___ ╚
2025-07-21 13:36:18,454 INFO     ___FILE_ONLY___ ════════════════════════════════════════════════════════════
2025-07-21 13:36:18,454 INFO     ___FILE_ONLY___ ╝

2025-07-21 13:36:18,455 INFO     ___FILE_ONLY___ ╔════════════════════════════════════════════════════════════╗

2025-07-21 13:36:18,456 INFO     ___FILE_ONLY___ ╠═ Installing: Bundled Python 3.12 (Platform Specific)      ═╣

2025-07-21 13:36:18,456 INFO     ___FILE_ONLY___ ╚
2025-07-21 13:36:20,693 INFO     ___FILE_ONLY___ ═
2025-07-21 13:36:20,705 INFO     ___FILE_ONLY___ ═
2025-07-21 13:36:20,716 INFO     ___FILE_ONLY___ ═
2025-07-21 13:36:20,728 INFO     ___FILE_ONLY___ ═
2025-07-21 13:36:20,740 INFO     ___FILE_ONLY___ ═
2025-07-21 13:36:20,752 INFO     ___FILE_ONLY___ ═
2025-07-21 13:36:20,765 INFO     ___FILE_ONLY___ ═
2025-07-21 13:36:20,776 INFO     ___FILE_ONLY___ ═
2025-07-21 13:36:20,787 INFO     ___FILE_ONLY___ ═
2025-07-21 13:36:20,799 INFO     ___FILE_ONLY___ ═
2025-07-21 13:36:20,810 INFO     ___FILE_ONLY___ ═
2025-07-21 13:36:20,821 INFO     ___FILE_ONLY___ ═
2025-07-21 13:36:20,833 INFO     ___FILE_ONLY___ ═
2025-07-21 13:36:20,844 INFO     ___FILE_ONLY___ ═
2025-07-21 13:36:20,856 INFO     ___FILE_ONLY___ ═
2025-07-21 13:36:20,868 INFO     ___FILE_ONLY___ ═
2025-07-21 13:36:20,879 INFO     ___FILE_ONLY___ ═
2025-07-21 13:36:20,891 INFO     ___FILE_ONLY___ ═
2025-07-21 13:36:20,902 INFO     ___FILE_ONLY___ ═
2025-07-21 13:36:20,914 INFO     ___FILE_ONLY___ ═
2025-07-21 13:36:20,926 INFO     ___FILE_ONLY___ ═
2025-07-21 13:36:20,938 INFO     ___FILE_ONLY___ ═
2025-07-21 13:36:20,949 INFO     ___FILE_ONLY___ ═
2025-07-21 13:36:20,961 INFO     ___FILE_ONLY___ ═
2025-07-21 13:36:20,973 INFO     ___FILE_ONLY___ ═
2025-07-21 13:36:20,985 INFO     ___FILE_ONLY___ ═
2025-07-21 13:36:20,996 INFO     ___FILE_ONLY___ ═
2025-07-21 13:36:21,007 INFO     ___FILE_ONLY___ ═
2025-07-21 13:36:21,020 INFO     ___FILE_ONLY___ ═
2025-07-21 13:36:21,031 INFO     ___FILE_ONLY___ ═
2025-07-21 13:36:21,043 INFO     ___FILE_ONLY___ ═
2025-07-21 13:36:21,054 INFO     ___FILE_ONLY___ ═
2025-07-21 13:36:21,066 INFO     ___FILE_ONLY___ ═
2025-07-21 13:36:21,079 INFO     ___FILE_ONLY___ ═
2025-07-21 13:36:21,094 INFO     ___FILE_ONLY___ ═
2025-07-21 13:36:21,109 INFO     ___FILE_ONLY___ ═
2025-07-21 13:36:21,985 INFO     ___FILE_ONLY___ ═
2025-07-21 13:36:22,009 INFO     ___FILE_ONLY___ ═
2025-07-21 13:36:22,509 INFO     ___FILE_ONLY___ ═
2025-07-21 13:36:22,527 INFO     ___FILE_ONLY___ ═
2025-07-21 13:36:22,548 INFO     ___FILE_ONLY___ ═
2025-07-21 13:36:22,573 INFO     ___FILE_ONLY___ ═
2025-07-21 13:36:22,592 INFO     ___FILE_ONLY___ ═
2025-07-21 13:36:22,622 INFO     ___FILE_ONLY___ ═
2025-07-21 13:36:22,644 INFO     ___FILE_ONLY___ ═
2025-07-21 13:36:22,662 INFO     ___FILE_ONLY___ ═
2025-07-21 13:36:22,678 INFO     ___FILE_ONLY___ ═
2025-07-21 13:36:22,695 INFO     ___FILE_ONLY___ ═
2025-07-21 13:36:22,784 INFO     ___FILE_ONLY___ ═
2025-07-21 13:36:22,802 INFO     ___FILE_ONLY___ ═
2025-07-21 13:36:22,941 INFO     ___FILE_ONLY___ ═
2025-07-21 13:36:22,957 INFO     ___FILE_ONLY___ ═
2025-07-21 13:36:22,973 INFO     ___FILE_ONLY___ ═
2025-07-21 13:36:22,990 INFO     ___FILE_ONLY___ ═
2025-07-21 13:36:23,005 INFO     ___FILE_ONLY___ ═
2025-07-21 13:36:23,022 INFO     ___FILE_ONLY___ ═
2025-07-21 13:36:23,038 INFO     ___FILE_ONLY___ ═
2025-07-21 13:36:23,054 INFO     ___FILE_ONLY___ ═
2025-07-21 13:36:23,082 INFO     ___FILE_ONLY___ ═
2025-07-21 13:36:23,584 INFO     ___FILE_ONLY___ ═
2025-07-21 13:36:23,584 INFO     ___FILE_ONLY___ ╝

2025-07-21 13:36:23,638 INFO     ___FILE_ONLY___ ╔════════════════════════════════════════════════════════════╗

2025-07-21 13:36:23,638 INFO     ___FILE_ONLY___ ╠═ Installing: Cloud Storage Command Line Tool              ═╣

2025-07-21 13:36:23,638 INFO     ___FILE_ONLY___ ╚
2025-07-21 13:36:24,199 INFO     ___FILE_ONLY___ ═
2025-07-21 13:36:24,211 INFO     ___FILE_ONLY___ ═
2025-07-21 13:36:24,222 INFO     ___FILE_ONLY___ ═
2025-07-21 13:36:24,231 INFO     ___FILE_ONLY___ ═
2025-07-21 13:36:24,241 INFO     ___FILE_ONLY___ ═
2025-07-21 13:36:24,276 INFO     ___FILE_ONLY___ ═
2025-07-21 13:36:24,289 INFO     ___FILE_ONLY___ ═
2025-07-21 13:36:24,304 INFO     ___FILE_ONLY___ ═
2025-07-21 13:36:24,319 INFO     ___FILE_ONLY___ ═
2025-07-21 13:36:24,334 INFO     ___FILE_ONLY___ ═
2025-07-21 13:36:24,351 INFO     ___FILE_ONLY___ ═
2025-07-21 13:36:24,362 INFO     ___FILE_ONLY___ ═
2025-07-21 13:36:24,374 INFO     ___FILE_ONLY___ ═
2025-07-21 13:36:24,382 INFO     ___FILE_ONLY___ ═
2025-07-21 13:36:24,392 INFO     ___FILE_ONLY___ ═
2025-07-21 13:36:24,408 INFO     ___FILE_ONLY___ ═
2025-07-21 13:36:24,421 INFO     ___FILE_ONLY___ ═
2025-07-21 13:36:24,430 INFO     ___FILE_ONLY___ ═
2025-07-21 13:36:24,442 INFO     ___FILE_ONLY___ ═
2025-07-21 13:36:24,453 INFO     ___FILE_ONLY___ ═
2025-07-21 13:36:24,463 INFO     ___FILE_ONLY___ ═
2025-07-21 13:36:24,475 INFO     ___FILE_ONLY___ ═
2025-07-21 13:36:24,485 INFO     ___FILE_ONLY___ ═
2025-07-21 13:36:24,496 INFO     ___FILE_ONLY___ ═
2025-07-21 13:36:24,506 INFO     ___FILE_ONLY___ ═
2025-07-21 13:36:24,516 INFO     ___FILE_ONLY___ ═
2025-07-21 13:36:24,526 INFO     ___FILE_ONLY___ ═
2025-07-21 13:36:24,539 INFO     ___FILE_ONLY___ ═
2025-07-21 13:36:24,555 INFO     ___FILE_ONLY___ ═
2025-07-21 13:36:24,567 INFO     ___FILE_ONLY___ ═
2025-07-21 13:36:24,579 INFO     ___FILE_ONLY___ ═
2025-07-21 13:36:24,600 INFO     ___FILE_ONLY___ ═
2025-07-21 13:36:24,615 INFO     ___FILE_ONLY___ ═
2025-07-21 13:36:24,633 INFO     ___FILE_ONLY___ ═
2025-07-21 13:36:24,647 INFO     ___FILE_ONLY___ ═
2025-07-21 13:36:24,664 INFO     ___FILE_ONLY___ ═
2025-07-21 13:36:24,673 INFO     ___FILE_ONLY___ ═
2025-07-21 13:36:24,683 INFO     ___FILE_ONLY___ ═
2025-07-21 13:36:24,718 INFO     ___FILE_ONLY___ ═
2025-07-21 13:36:24,731 INFO     ___FILE_ONLY___ ═
2025-07-21 13:36:24,742 INFO     ___FILE_ONLY___ ═
2025-07-21 13:36:24,752 INFO     ___FILE_ONLY___ ═
2025-07-21 13:36:24,762 INFO     ___FILE_ONLY___ ═
2025-07-21 13:36:24,772 INFO     ___FILE_ONLY___ ═
2025-07-21 13:36:24,783 INFO     ___FILE_ONLY___ ═
2025-07-21 13:36:24,792 INFO     ___FILE_ONLY___ ═
2025-07-21 13:36:24,802 INFO     ___FILE_ONLY___ ═
2025-07-21 13:36:24,811 INFO     ___FILE_ONLY___ ═
2025-07-21 13:36:24,820 INFO     ___FILE_ONLY___ ═
2025-07-21 13:36:24,833 INFO     ___FILE_ONLY___ ═
2025-07-21 13:36:24,847 INFO     ___FILE_ONLY___ ═
2025-07-21 13:36:24,859 INFO     ___FILE_ONLY___ ═
2025-07-21 13:36:24,872 INFO     ___FILE_ONLY___ ═
2025-07-21 13:36:24,885 INFO     ___FILE_ONLY___ ═
2025-07-21 13:36:24,898 INFO     ___FILE_ONLY___ ═
2025-07-21 13:36:24,913 INFO     ___FILE_ONLY___ ═
2025-07-21 13:36:24,929 INFO     ___FILE_ONLY___ ═
2025-07-21 13:36:24,949 INFO     ___FILE_ONLY___ ═
2025-07-21 13:36:24,965 INFO     ___FILE_ONLY___ ═
2025-07-21 13:36:24,983 INFO     ___FILE_ONLY___ ═
2025-07-21 13:36:24,983 INFO     ___FILE_ONLY___ ╝

2025-07-21 13:36:25,014 INFO     ___FILE_ONLY___ ╔════════════════════════════════════════════════════════════╗

2025-07-21 13:36:25,014 INFO     ___FILE_ONLY___ ╠═ Installing: Cloud Storage Command Line Tool (Platform... ═╣

2025-07-21 13:36:25,014 INFO     ___FILE_ONLY___ ╚
2025-07-21 13:36:25,015 INFO     ___FILE_ONLY___ ════════════════════════════════════════════════════════════
2025-07-21 13:36:25,015 INFO     ___FILE_ONLY___ ╝

2025-07-21 13:36:25,020 INFO     ___FILE_ONLY___ ╔════════════════════════════════════════════════════════════╗

2025-07-21 13:36:25,020 INFO     ___FILE_ONLY___ ╠═ Installing: Default set of gcloud commands               ═╣

2025-07-21 13:36:25,020 INFO     ___FILE_ONLY___ ╚
2025-07-21 13:36:25,022 INFO     ___FILE_ONLY___ ════════════════════════════════════════════════════════════
2025-07-21 13:36:25,023 INFO     ___FILE_ONLY___ ╝

2025-07-21 13:36:25,024 INFO     ___FILE_ONLY___ ╔════════════════════════════════════════════════════════════╗

2025-07-21 13:36:25,024 INFO     ___FILE_ONLY___ ╠═ Installing: Google Cloud CLI Core Libraries (Platform... ═╣

2025-07-21 13:36:25,024 INFO     ___FILE_ONLY___ ╚
2025-07-21 13:36:25,025 INFO     ___FILE_ONLY___ ══════════════════════════════
2025-07-21 13:36:25,026 INFO     ___FILE_ONLY___ ══════════════════════════════
2025-07-21 13:36:25,026 INFO     ___FILE_ONLY___ ╝

2025-07-21 13:36:25,030 INFO     ___FILE_ONLY___ ╔════════════════════════════════════════════════════════════╗

2025-07-21 13:36:25,030 INFO     ___FILE_ONLY___ ╠═ Installing: Google Cloud CRC32C Hash Tool                ═╣

2025-07-21 13:36:25,030 INFO     ___FILE_ONLY___ ╚
2025-07-21 13:36:25,033 INFO     ___FILE_ONLY___ ════════════════════════════════════════════════════════════
2025-07-21 13:36:25,033 INFO     ___FILE_ONLY___ ╝

2025-07-21 13:36:25,034 INFO     ___FILE_ONLY___ ╔════════════════════════════════════════════════════════════╗

2025-07-21 13:36:25,034 INFO     ___FILE_ONLY___ ╠═ Installing: Google Cloud CRC32C Hash Tool (Platform S... ═╣

2025-07-21 13:36:25,035 INFO     ___FILE_ONLY___ ╚
2025-07-21 13:36:25,073 INFO     ___FILE_ONLY___ ══════════════════════════════
2025-07-21 13:36:25,074 INFO     ___FILE_ONLY___ ══════════════════════════════
2025-07-21 13:36:25,074 INFO     ___FILE_ONLY___ ╝

2025-07-21 13:36:25,079 INFO     ___FILE_ONLY___ ╔════════════════════════════════════════════════════════════╗

2025-07-21 13:36:25,079 INFO     ___FILE_ONLY___ ╠═ Installing: gcloud cli dependencies (Platform Specific)  ═╣

2025-07-21 13:36:25,079 INFO     ___FILE_ONLY___ ╚
2025-07-21 13:36:25,079 INFO     ___FILE_ONLY___ ════════════════════════════════════════════════════════════
2025-07-21 13:36:25,079 INFO     ___FILE_ONLY___ ╝

2025-07-21 13:36:25,084 DEBUG    root            Updating notification cache...
2025-07-21 13:36:25,085 INFO     ___FILE_ONLY___ 

2025-07-21 13:36:25,087 INFO     ___FILE_ONLY___ Performing post processing steps...
2025-07-21 13:36:25,087 DEBUG    root            Executing command: ['/tools/google-cloud-sdk/bin/gcloud', 'components', 'post-process']
2025-07-21 13:36:33,428 DEBUG    ___FILE_ONLY___ 
2025-07-21 13:36:33,428 DEBUG    ___FILE_ONLY___ 
2025-07-21 13:36:33,616 INFO     root            descriptor_list: [{'universeDomain': 'googleapis.com', 'universeShortName': '', 'authenticationDomain': 'auth.cloud.google.com', 'projectPrefix': '', 'cloudWebDomain': 'cloud.google.com', 'documentationDomain': 'cloud.google.com', 'version': '1.0.0', 'state': 'primary', 'artifactRegistryDomain': 'pkg.dev'}]
2025-07-21 13:36:33,616 INFO     ___FILE_ONLY___ 
Update done!


2025-07-21 13:36:33,619 DEBUG    root            Chosen display Format:none
2025-07-21 13:36:33,619 INFO     root            Display format: "none"
