2025-07-21 13:36:34,270 DEBUG    root            Loaded Command Group: ['gcloud', 'components']
2025-07-21 13:36:34,272 DEBUG    root            Loaded Command Group: ['gcloud', 'components', 'update']
2025-07-21 13:36:34,274 DEBUG    root            Running [gcloud.components.update] with arguments: [--quiet: "True", COMPONENT-IDS:8: "['gcloud', 'core', 'bq', 'gsutil', 'compute', 'preview', 'alpha', 'beta']"]
2025-07-21 13:36:34,276 INFO     ___FILE_ONLY___ Beginning update. This process may take several minutes.

2025-07-21 13:36:34,284 DEBUG    urllib3.connectionpool Starting new HTTPS connection (1): dl.google.com:443
2025-07-21 13:36:35,360 DEBUG    urllib3.connectionpool https://dl.google.com:443 "GET /dl/cloudsdk/channels/rapid/components-2.json HTTP/11" 200 239798
2025-07-21 13:36:35,374 WARNING  root            Component [compute] no longer exists.
2025-07-21 13:36:35,375 INFO     ___FILE_ONLY___ 

2025-07-21 13:36:35,375 INFO     ___FILE_ONLY___ 
Your current Google Cloud CLI version is: 530.0.0

2025-07-21 13:36:35,376 INFO     ___FILE_ONLY___ Installing components from version: 530.0.0

2025-07-21 13:36:35,376 INFO     ___FILE_ONLY___ 

2025-07-21 13:36:35,376 DEBUG    root            Chosen display Format:table[box,title="These components will be removed."](details.display_name:label=Name:align=left,version.version_string:label=Version:align=right,data.size.size(zero="",min=1048576):label=Size:align=right)
2025-07-21 13:36:35,376 DEBUG    root            Chosen display Format:table[box,title="These components will be updated."](details.display_name:label=Name:align=left,version.version_string:label=Version:align=right,data.size.size(zero="",min=1048576):label=Size:align=right)
2025-07-21 13:36:35,377 DEBUG    root            Chosen display Format:table[box,title="These components will be installed."](details.display_name:label=Name:align=left,version.version_string:label=Version:align=right,data.size.size(zero="",min=1048576):label=Size:align=right)
2025-07-21 13:36:35,391 INFO     ___FILE_ONLY___ ┌────────────────────────────────────────────────┐
2025-07-21 13:36:35,391 INFO     ___FILE_ONLY___ 

2025-07-21 13:36:35,391 INFO     ___FILE_ONLY___ │      These components will be installed.       │
2025-07-21 13:36:35,391 INFO     ___FILE_ONLY___ 

2025-07-21 13:36:35,391 INFO     ___FILE_ONLY___ ├─────────────────────────┬────────────┬─────────┤
2025-07-21 13:36:35,391 INFO     ___FILE_ONLY___ 

2025-07-21 13:36:35,391 INFO     ___FILE_ONLY___ │           Name          │  Version   │   Size  │
2025-07-21 13:36:35,391 INFO     ___FILE_ONLY___ 

2025-07-21 13:36:35,391 INFO     ___FILE_ONLY___ ├─────────────────────────┼────────────┼─────────┤
2025-07-21 13:36:35,391 INFO     ___FILE_ONLY___ 

2025-07-21 13:36:35,391 INFO     ___FILE_ONLY___ │ 
2025-07-21 13:36:35,392 INFO     ___FILE_ONLY___ gcloud Alpha Commands  
2025-07-21 13:36:35,392 INFO     ___FILE_ONLY___  
2025-07-21 13:36:35,392 INFO     ___FILE_ONLY___ │ 
2025-07-21 13:36:35,392 INFO     ___FILE_ONLY___ 2025.07.11
2025-07-21 13:36:35,392 INFO     ___FILE_ONLY___  
2025-07-21 13:36:35,392 INFO     ___FILE_ONLY___ │ 
2025-07-21 13:36:35,392 INFO     ___FILE_ONLY___ < 1 MiB
2025-07-21 13:36:35,392 INFO     ___FILE_ONLY___  
2025-07-21 13:36:35,392 INFO     ___FILE_ONLY___ │
2025-07-21 13:36:35,392 INFO     ___FILE_ONLY___ 

2025-07-21 13:36:35,392 INFO     ___FILE_ONLY___ │ 
2025-07-21 13:36:35,392 INFO     ___FILE_ONLY___ gcloud Beta Commands   
2025-07-21 13:36:35,392 INFO     ___FILE_ONLY___  
2025-07-21 13:36:35,392 INFO     ___FILE_ONLY___ │ 
2025-07-21 13:36:35,392 INFO     ___FILE_ONLY___ 2025.07.11
2025-07-21 13:36:35,392 INFO     ___FILE_ONLY___  
2025-07-21 13:36:35,392 INFO     ___FILE_ONLY___ │ 
2025-07-21 13:36:35,392 INFO     ___FILE_ONLY___ < 1 MiB
2025-07-21 13:36:35,392 INFO     ___FILE_ONLY___  
2025-07-21 13:36:35,392 INFO     ___FILE_ONLY___ │
2025-07-21 13:36:35,392 INFO     ___FILE_ONLY___ 

2025-07-21 13:36:35,393 INFO     ___FILE_ONLY___ │ 
2025-07-21 13:36:35,393 INFO     ___FILE_ONLY___ gcloud Preview Commands
2025-07-21 13:36:35,393 INFO     ___FILE_ONLY___  
2025-07-21 13:36:35,393 INFO     ___FILE_ONLY___ │ 
2025-07-21 13:36:35,393 INFO     ___FILE_ONLY___           
2025-07-21 13:36:35,393 INFO     ___FILE_ONLY___  
2025-07-21 13:36:35,393 INFO     ___FILE_ONLY___ │ 
2025-07-21 13:36:35,393 INFO     ___FILE_ONLY___ < 1 MiB
2025-07-21 13:36:35,393 INFO     ___FILE_ONLY___  
2025-07-21 13:36:35,393 INFO     ___FILE_ONLY___ │
2025-07-21 13:36:35,393 INFO     ___FILE_ONLY___ 

2025-07-21 13:36:35,393 INFO     ___FILE_ONLY___ └─────────────────────────┴────────────┴─────────┘
2025-07-21 13:36:35,393 INFO     ___FILE_ONLY___ 

2025-07-21 13:36:35,393 INFO     ___FILE_ONLY___ 

2025-07-21 13:36:35,396 DEBUG    urllib3.connectionpool Starting new HTTPS connection (1): dl.google.com:443
2025-07-21 13:36:36,510 DEBUG    urllib3.connectionpool https://dl.google.com:443 "GET /dl/cloudsdk/channels/rapid/RELEASE_NOTES HTTP/11" 200 1449519
2025-07-21 13:36:36,975 INFO     ___FILE_ONLY___ For the latest full release notes, please visit:
  https://cloud.google.com/sdk/release_notes


2025-07-21 13:36:36,975 INFO     ___FILE_ONLY___ Performing in place update...


2025-07-21 13:36:36,977 INFO     ___FILE_ONLY___ ╔════════════════════════════════════════════════════════════╗

2025-07-21 13:36:36,978 INFO     ___FILE_ONLY___ ╠═ Downloading: gcloud Alpha Commands                       ═╣

2025-07-21 13:36:36,978 INFO     ___FILE_ONLY___ ╚
2025-07-21 13:36:36,981 DEBUG    urllib3.connectionpool Starting new HTTPS connection (1): dl.google.com:443
2025-07-21 13:36:37,174 DEBUG    urllib3.connectionpool https://dl.google.com:443 "GET /dl/cloudsdk/channels/rapid/components/google-cloud-sdk-alpha-20250711193911.tar.gz HTTP/11" 200 800
2025-07-21 13:36:37,175 INFO     ___FILE_ONLY___ ════════════════════════════════════════════════════════════
2025-07-21 13:36:37,175 INFO     ___FILE_ONLY___ ╝

2025-07-21 13:36:37,177 INFO     ___FILE_ONLY___ ╔════════════════════════════════════════════════════════════╗

2025-07-21 13:36:37,177 INFO     ___FILE_ONLY___ ╠═ Downloading: gcloud Beta Commands                        ═╣

2025-07-21 13:36:37,177 INFO     ___FILE_ONLY___ ╚
2025-07-21 13:36:37,180 DEBUG    urllib3.connectionpool Starting new HTTPS connection (1): dl.google.com:443
2025-07-21 13:36:38,201 DEBUG    urllib3.connectionpool https://dl.google.com:443 "GET /dl/cloudsdk/channels/rapid/components/google-cloud-sdk-beta-20250711193911.tar.gz HTTP/11" 200 797
2025-07-21 13:36:38,202 INFO     ___FILE_ONLY___ ════════════════════════════════════════════════════════════
2025-07-21 13:36:38,202 INFO     ___FILE_ONLY___ ╝

2025-07-21 13:36:38,204 INFO     ___FILE_ONLY___ ╔════════════════════════════════════════════════════════════╗

2025-07-21 13:36:38,204 INFO     ___FILE_ONLY___ ╠═ Downloading: gcloud Preview Commands                     ═╣

2025-07-21 13:36:38,204 INFO     ___FILE_ONLY___ ╚
2025-07-21 13:36:38,207 DEBUG    urllib3.connectionpool Starting new HTTPS connection (1): dl.google.com:443
2025-07-21 13:36:39,298 DEBUG    urllib3.connectionpool https://dl.google.com:443 "GET /dl/cloudsdk/channels/rapid/components/google-cloud-sdk-preview-20241115154308.tar.gz HTTP/11" 200 823
2025-07-21 13:36:39,298 INFO     ___FILE_ONLY___ ════════════════════════════════════════════════════════════
2025-07-21 13:36:39,299 INFO     ___FILE_ONLY___ ╝

2025-07-21 13:36:39,301 INFO     ___FILE_ONLY___ ╔════════════════════════════════════════════════════════════╗

2025-07-21 13:36:39,301 INFO     ___FILE_ONLY___ ╠═ Installing: gcloud Alpha Commands                        ═╣

2025-07-21 13:36:39,301 INFO     ___FILE_ONLY___ ╚
2025-07-21 13:36:39,302 INFO     ___FILE_ONLY___ ════════════════════════════════════════════════════════════
2025-07-21 13:36:39,302 INFO     ___FILE_ONLY___ ╝

2025-07-21 13:36:39,308 INFO     ___FILE_ONLY___ ╔════════════════════════════════════════════════════════════╗

2025-07-21 13:36:39,308 INFO     ___FILE_ONLY___ ╠═ Installing: gcloud Beta Commands                         ═╣

2025-07-21 13:36:39,308 INFO     ___FILE_ONLY___ ╚
2025-07-21 13:36:39,309 INFO     ___FILE_ONLY___ ════════════════════════════════════════════════════════════
2025-07-21 13:36:39,309 INFO     ___FILE_ONLY___ ╝

2025-07-21 13:36:39,314 INFO     ___FILE_ONLY___ ╔════════════════════════════════════════════════════════════╗

2025-07-21 13:36:39,314 INFO     ___FILE_ONLY___ ╠═ Installing: gcloud Preview Commands                      ═╣

2025-07-21 13:36:39,314 INFO     ___FILE_ONLY___ ╚
2025-07-21 13:36:39,314 INFO     ___FILE_ONLY___ ════════════════════════════════════════════════════════════
2025-07-21 13:36:39,315 INFO     ___FILE_ONLY___ ╝

2025-07-21 13:36:39,319 DEBUG    root            Updating notification cache...
2025-07-21 13:36:39,320 INFO     ___FILE_ONLY___ 

2025-07-21 13:36:39,322 INFO     ___FILE_ONLY___ Performing post processing steps...
2025-07-21 13:36:39,322 DEBUG    root            Executing command: ['/tools/google-cloud-sdk/bin/gcloud', 'components', 'post-process']
2025-07-21 13:36:47,521 DEBUG    ___FILE_ONLY___ 
2025-07-21 13:36:47,521 DEBUG    ___FILE_ONLY___ 
2025-07-21 13:36:47,598 INFO     root            descriptor_list: [{'universeDomain': 'googleapis.com', 'universeShortName': '', 'authenticationDomain': 'auth.cloud.google.com', 'projectPrefix': '', 'cloudWebDomain': 'cloud.google.com', 'documentationDomain': 'cloud.google.com', 'version': '1.0.0', 'state': 'primary', 'artifactRegistryDomain': 'pkg.dev'}]
2025-07-21 13:36:47,598 INFO     ___FILE_ONLY___ 
Update done!


2025-07-21 13:36:47,601 DEBUG    root            Chosen display Format:none
2025-07-21 13:36:47,601 INFO     root            Display format: "none"
